[    4713ms] [WARNING] Error with Permissions-Policy header: Unrecognized feature: 'attribution-reporting'. @ :0
[    4713ms] [WARNING] Error with Permissions-Policy header: Unrecognized feature: 'shared-storage'. @ :0
[    4713ms] [WARNING] Error with Permissions-Policy header: Unrecognized feature: 'shared-storage-select-url'. @ :0
[    6051ms] [ERROR] ErrorUtils caught an error:

ServerJS payload nonce validation failed:  v/s cmYlokG6

Subsequent non-fatal errors won't be logged; see https://fburl.com/debugjs. {column: 17878, clientTime: 1791478276, extra: Object, guardList: Array(2), hash: geicso} @ https://static.xx.fbcdn.net/rsrc.php/v4/yo/r/FBqdPl9WBmW.js:84
[    9362ms] [WARNING] Error with Permissions-Policy header: Unrecognized feature: 'attribution-reporting'. @ :0
[    9362ms] [WARNING] Error with Permissions-Policy header: Unrecognized feature: 'shared-storage'. @ :0
[    9362ms] [WARNING] Error with Permissions-Policy header: Unrecognized feature: 'shared-storage-select-url'. @ :0
[    9455ms] [ERROR] Permissions policy violation: unload is not allowed in this document. @ https://static.xx.fbcdn.net/rsrc.php/v4/yc/r/WwVK1XiKvTy.js:332
[   10395ms] [LOG] 
%cStop! font-family:helvetica; font-size:20px; font-size:50px; font-weight:bold; color:red; -webkit-text-stroke:1px black; @ https://static.xx.fbcdn.net/rsrc.php/v4iScQ4/yT/l/en_GB-j/7SakOYpwxhdwfc3V8UpOake6mmP9sd34S8KYa2R06n8Ntf_ZzVTQkd-CekIhUv5CsrVF2m0fwFaVlVqUUFIB1QDp8k8lxWzY_Qjm1sAWulmVAuIAeCv9VXJqluXBNGld4R7hmqXBliQNGVqqxfMd_sMawOpq-0NOTgzLOSGyVZ1KBMMkgQtkW82Pgy1M1jzW5pMQej.js:1144
[   10395ms] [LOG] 
%cThis is a browser feature intended for developers. If someone told you to copy and paste something here to enable a Facebook feature or "hack" someone's account, it's a scam and will give them access to your Facebook account. font-family:helvetica; font-size:20px;  @ https://static.xx.fbcdn.net/rsrc.php/v4iScQ4/yT/l/en_GB-j/7SakOYpwxhdwfc3V8UpOake6mmP9sd34S8KYa2R06n8Ntf_ZzVTQkd-CekIhUv5CsrVF2m0fwFaVlVqUUFIB1QDp8k8lxWzY_Qjm1sAWulmVAuIAeCv9VXJqluXBNGld4R7hmqXBliQNGVqqxfMd_sMawOpq-0NOTgzLOSGyVZ1KBMMkgQtkW82Pgy1M1jzW5pMQej.js:1144
[   10395ms] [LOG] 
%cSee https://www.facebook.com/selfxss for more information. font-family:helvetica; font-size:20px;  @ https://static.xx.fbcdn.net/rsrc.php/v4iScQ4/yT/l/en_GB-j/7SakOYpwxhdwfc3V8UpOake6mmP9sd34S8KYa2R06n8Ntf_ZzVTQkd-CekIhUv5CsrVF2m0fwFaVlVqUUFIB1QDp8k8lxWzY_Qjm1sAWulmVAuIAeCv9VXJqluXBNGld4R7hmqXBliQNGVqqxfMd_sMawOpq-0NOTgzLOSGyVZ1KBMMkgQtkW82Pgy1M1jzW5pMQej.js:1144
[   10396ms] [LOG] 
%c  @ https://static.xx.fbcdn.net/rsrc.php/v4iScQ4/yT/l/en_GB-j/7SakOYpwxhdwfc3V8UpOake6mmP9sd34S8KYa2R06n8Ntf_ZzVTQkd-CekIhUv5CsrVF2m0fwFaVlVqUUFIB1QDp8k8lxWzY_Qjm1sAWulmVAuIAeCv9VXJqluXBNGld4R7hmqXBliQNGVqqxfMd_sMawOpq-0NOTgzLOSGyVZ1KBMMkgQtkW82Pgy1M1jzW5pMQej.js:1144
[   19471ms] [WARNING] The resource https://scontent.fdac198-2.fna.fbcdn.net/v/t39.30808-6/840020957_1709956257806341_6664188339009256269_n.jpg?stp=dst-jpg_tt6&cstp=mx1200x1479&ctp=s640x640&_nc_cat=101&_nc_map=urlgen_bucketless&ccb=1-7&_nc_sid=833d8c&_nc_ohc=kTAeCB10fR8Q7kNvwFEeZ06&_nc_oc=AdpBnIKnziBN-Raj61c00C-KSbfumYs_YoLJ0-P2jj2N4C6ipy49wD3-ieIjnKyX2zU&_nc_zt=23&_nc_ht=scontent.fdac198-2.fna&_nc_gid=WmZZc14T6g9rf2YP3qTDOw&_nc_ss=7b2a8&oh=00_AQOWVOwdHbWtYbdBmwjYuPonANAbnJ8iDxn7ukmIGBGVgA&oe=6ACD8F41 was preloaded using link preload but not used within a few seconds from the window's load event. Please make sure it has an appropriate `as` value and it is preloaded intentionally. @ https://www.facebook.com/:0
[   19471ms] [WARNING] The resource https://scontent.fdac24-1.fna.fbcdn.net/v/t39.30808-6/841398021_1709599077842059_6241494276010758329_n.jpg?stp=dst-jpg_tt6&cstp=mx1080x1440&ctp=p526x296&_nc_cat=102&_nc_map=urlgen_bucketless&ccb=1-7&_nc_sid=833d8c&_nc_ohc=geB6n2a_0MQQ7kNvwHSRCHo&_nc_oc=AdoltLSECN37PxNeriVoXj1QyXKoBcvDNwrIv8wC6zNmFpBNVbimftivAUaM6MpX4KQ&_nc_zt=23&_nc_ht=scontent.fdac24-1.fna&_nc_gid=WmZZc14T6g9rf2YP3qTDOw&_nc_ss=7b2a8&oh=00_AQMoUypQL20bN5Us4x7HztW53N_t830lnXuZcckHZ6d7Jw&oe=6ACD8293 was preloaded using link preload but not used within a few seconds from the window's load event. Please make sure it has an appropriate `as` value and it is preloaded intentionally. @ https://www.facebook.com/:0
[   19471ms] [WARNING] The resource https://scontent.fdac198-2.fna.fbcdn.net/v/t39.30808-6/839631542_1708777934590840_7621591854429364795_n.jpg?stp=dst-jpg_tt6&cstp=mx960x1440&ctp=p526x296&_nc_cat=102&_nc_map=urlgen_bucketless&ccb=1-7&_nc_sid=833d8c&_nc_ohc=DbXQczmtAWUQ7kNvwEZtVJ5&_nc_oc=Adp1U7ETuo0QbErAnjakVxAJGVLd64ZpkvOD327y9QfMnzes7KbgvRTsZ1fgi_GXE_I&_nc_zt=23&_nc_ht=scontent.fdac198-2.fna&_nc_gid=WmZZc14T6g9rf2YP3qTDOw&_nc_ss=7b2a8&oh=00_AQNm1DZIxI9_YcyJpF5ef874CPZW_p3cVTIHKOfjqJ3H3A&oe=6ACD9EFA was preloaded using link preload but not used within a few seconds from the window's load event. Please make sure it has an appropriate `as` value and it is preloaded intentionally. @ https://www.facebook.com/:0
[   25025ms] [WARNING] The resource https://scontent.fdac198-2.fna.fbcdn.net/v/t39.30808-6/840020957_1709956257806341_6664188339009256269_n.jpg?stp=dst-jpg_tt6&cstp=mx1200x1479&ctp=s640x640&_nc_cat=101&_nc_map=urlgen_bucketless&ccb=1-7&_nc_sid=833d8c&_nc_ohc=kTAeCB10fR8Q7kNvwFEeZ06&_nc_oc=AdpBnIKnziBN-Raj61c00C-KSbfumYs_YoLJ0-P2jj2N4C6ipy49wD3-ieIjnKyX2zU&_nc_zt=23&_nc_ht=scontent.fdac198-2.fna&_nc_gid=WmZZc14T6g9rf2YP3qTDOw&_nc_ss=7b2a8&oh=00_AQOWVOwdHbWtYbdBmwjYuPonANAbnJ8iDxn7ukmIGBGVgA&oe=6ACD8F41 was preloaded using link preload but not used within a few seconds from the window's load event. Please make sure it has an appropriate `as` value and it is preloaded intentionally. @ https://www.facebook.com/:0
[   25025ms] [WARNING] The resource https://scontent.fdac24-1.fna.fbcdn.net/v/t39.30808-6/841398021_1709599077842059_6241494276010758329_n.jpg?stp=dst-jpg_tt6&cstp=mx1080x1440&ctp=p526x296&_nc_cat=102&_nc_map=urlgen_bucketless&ccb=1-7&_nc_sid=833d8c&_nc_ohc=geB6n2a_0MQQ7kNvwHSRCHo&_nc_oc=AdoltLSECN37PxNeriVoXj1QyXKoBcvDNwrIv8wC6zNmFpBNVbimftivAUaM6MpX4KQ&_nc_zt=23&_nc_ht=scontent.fdac24-1.fna&_nc_gid=WmZZc14T6g9rf2YP3qTDOw&_nc_ss=7b2a8&oh=00_AQMoUypQL20bN5Us4x7HztW53N_t830lnXuZcckHZ6d7Jw&oe=6ACD8293 was preloaded using link preload but not used within a few seconds from the window's load event. Please make sure it has an appropriate `as` value and it is preloaded intentionally. @ https://www.facebook.com/:0
[   25025ms] [WARNING] The resource https://scontent.fdac198-2.fna.fbcdn.net/v/t39.30808-6/839631542_1708777934590840_7621591854429364795_n.jpg?stp=dst-jpg_tt6&cstp=mx960x1440&ctp=p526x296&_nc_cat=102&_nc_map=urlgen_bucketless&ccb=1-7&_nc_sid=833d8c&_nc_ohc=DbXQczmtAWUQ7kNvwEZtVJ5&_nc_oc=Adp1U7ETuo0QbErAnjakVxAJGVLd64ZpkvOD327y9QfMnzes7KbgvRTsZ1fgi_GXE_I&_nc_zt=23&_nc_ht=scontent.fdac198-2.fna&_nc_gid=WmZZc14T6g9rf2YP3qTDOw&_nc_ss=7b2a8&oh=00_AQNm1DZIxI9_YcyJpF5ef874CPZW_p3cVTIHKOfjqJ3H3A&oe=6ACD9EFA was preloaded using link preload but not used within a few seconds from the window's load event. Please make sure it has an appropriate `as` value and it is preloaded intentionally. @ https://www.facebook.com/:0
[   42463ms] [WARNING] The resource https://scontent.fdac198-2.fna.fbcdn.net/v/t39.30808-6/840020957_1709956257806341_6664188339009256269_n.jpg?stp=dst-jpg_tt6&cstp=mx1200x1479&ctp=s640x640&_nc_cat=101&_nc_map=urlgen_bucketless&ccb=1-7&_nc_sid=833d8c&_nc_ohc=kTAeCB10fR8Q7kNvwFEeZ06&_nc_oc=AdpBnIKnziBN-Raj61c00C-KSbfumYs_YoLJ0-P2jj2N4C6ipy49wD3-ieIjnKyX2zU&_nc_zt=23&_nc_ht=scontent.fdac198-2.fna&_nc_gid=WmZZc14T6g9rf2YP3qTDOw&_nc_ss=7b2a8&oh=00_AQOWVOwdHbWtYbdBmwjYuPonANAbnJ8iDxn7ukmIGBGVgA&oe=6ACD8F41 was preloaded using link preload but not used within a few seconds from the window's load event. Please make sure it has an appropriate `as` value and it is preloaded intentionally. @ https://www.facebook.com/:0
[   42463ms] [WARNING] The resource https://scontent.fdac24-1.fna.fbcdn.net/v/t39.30808-6/841398021_1709599077842059_6241494276010758329_n.jpg?stp=dst-jpg_tt6&cstp=mx1080x1440&ctp=p526x296&_nc_cat=102&_nc_map=urlgen_bucketless&ccb=1-7&_nc_sid=833d8c&_nc_ohc=geB6n2a_0MQQ7kNvwHSRCHo&_nc_oc=AdoltLSECN37PxNeriVoXj1QyXKoBcvDNwrIv8wC6zNmFpBNVbimftivAUaM6MpX4KQ&_nc_zt=23&_nc_ht=scontent.fdac24-1.fna&_nc_gid=WmZZc14T6g9rf2YP3qTDOw&_nc_ss=7b2a8&oh=00_AQMoUypQL20bN5Us4x7HztW53N_t830lnXuZcckHZ6d7Jw&oe=6ACD8293 was preloaded using link preload but not used within a few seconds from the window's load event. Please make sure it has an appropriate `as` value and it is preloaded intentionally. @ https://www.facebook.com/:0
[   42464ms] [WARNING] The resource https://scontent.fdac198-2.fna.fbcdn.net/v/t39.30808-6/839631542_1708777934590840_7621591854429364795_n.jpg?stp=dst-jpg_tt6&cstp=mx960x1440&ctp=p526x296&_nc_cat=102&_nc_map=urlgen_bucketless&ccb=1-7&_nc_sid=833d8c&_nc_ohc=DbXQczmtAWUQ7kNvwEZtVJ5&_nc_oc=Adp1U7ETuo0QbErAnjakVxAJGVLd64ZpkvOD327y9QfMnzes7KbgvRTsZ1fgi_GXE_I&_nc_zt=23&_nc_ht=scontent.fdac198-2.fna&_nc_gid=WmZZc14T6g9rf2YP3qTDOw&_nc_ss=7b2a8&oh=00_AQNm1DZIxI9_YcyJpF5ef874CPZW_p3cVTIHKOfjqJ3H3A&oe=6ACD9EFA was preloaded using link preload but not used within a few seconds from the window's load event. Please make sure it has an appropriate `as` value and it is preloaded intentionally. @ https://www.facebook.com/:0
[   76239ms] [WARNING] Error with Permissions-Policy header: Unrecognized feature: 'attribution-reporting'. @ :0
[   76239ms] [WARNING] Error with Permissions-Policy header: Unrecognized feature: 'shared-storage'. @ :0
[   76239ms] [WARNING] Error with Permissions-Policy header: Unrecognized feature: 'shared-storage-select-url'. @ :0
[   76522ms] [ERROR] ErrorUtils caught an error:

ServerJS payload nonce validation failed:  v/s bPnPHn7K

Subsequent non-fatal errors won't be logged; see https://fburl.com/debugjs. {column: 17878, clientTime: 1791478347, extra: Object, guardList: Array(1), hash: anufie} @ https://static.xx.fbcdn.net/rsrc.php/v4/yo/r/FBqdPl9WBmW.js:84
[   77410ms] [LOG] 
%cStop! font-family:helvetica; font-size:20px; font-size:50px; font-weight:bold; color:red; -webkit-text-stroke:1px black; @ https://static.xx.fbcdn.net/rsrc.php/v4/yo/r/FBqdPl9WBmW.js:251
[   77410ms] [LOG] 
%cThis is a browser feature intended for developers. If someone told you to copy and paste something here to enable a Facebook feature or "hack" someone's account, it's a scam and will give them access to your Facebook account. font-family:helvetica; font-size:20px;  @ https://static.xx.fbcdn.net/rsrc.php/v4/yo/r/FBqdPl9WBmW.js:251
[   77410ms] [LOG] 
%cSee https://www.facebook.com/selfxss for more information. font-family:helvetica; font-size:20px;  @ https://static.xx.fbcdn.net/rsrc.php/v4/yo/r/FBqdPl9WBmW.js:251
[   77410ms] [LOG] 
%c  @ https://static.xx.fbcdn.net/rsrc.php/v4/yo/r/FBqdPl9WBmW.js:251
[   79660ms] [WARNING] Canvas2D: Multiple readback operations using getImageData are faster with the willReadFrequently attribute set to true. See: https://html.spec.whatwg.org/multipage/canvas.html#concept-canvas-will-read-frequently @ https://static.xx.fbcdn.net/rsrc.php/v4/yj/r/atBZ6RzieZ4.js:59
[   79766ms] [VERBOSE] [DOM] Input elements should have autocomplete attributes (suggested: "current-password"): (More info: https://goo.gl/9p2vKq) %o @ https://www.facebook.com/:0
[  132047ms] [WARNING] Error with Permissions-Policy header: Unrecognized feature: 'attribution-reporting'. @ :0
[  132047ms] [WARNING] Error with Permissions-Policy header: Unrecognized feature: 'shared-storage'. @ :0
[  132047ms] [WARNING] Error with Permissions-Policy header: Unrecognized feature: 'shared-storage-select-url'. @ :0
[  132346ms] [WARNING] Error with Permissions-Policy header: Unrecognized feature: 'attribution-reporting'. @ :0
[  132346ms] [WARNING] Error with Permissions-Policy header: Unrecognized feature: 'shared-storage'. @ :0
[  132346ms] [WARNING] Error with Permissions-Policy header: Unrecognized feature: 'shared-storage-select-url'. @ :0
[  132891ms] [WARNING] Error with Permissions-Policy header: Unrecognized feature: 'attribution-reporting'. @ :0
[  132892ms] [WARNING] Error with Permissions-Policy header: Unrecognized feature: 'shared-storage'. @ :0
[  132892ms] [WARNING] Error with Permissions-Policy header: Unrecognized feature: 'shared-storage-select-url'. @ :0
[  132979ms] [ERROR] Permissions policy violation: unload is not allowed in this document. @ https://static.xx.fbcdn.net/rsrc.php/v4/yc/r/WwVK1XiKvTy.js:332
[  133478ms] [WARNING] Canvas2D: Multiple readback operations using getImageData are faster with the willReadFrequently attribute set to true. See: https://html.spec.whatwg.org/multipage/canvas.html#concept-canvas-will-read-frequently @ https://static.xx.fbcdn.net/rsrc.php/v4i8Sk4/yf/l/en_GB-j/9TtSG-zoLfvfQagRRCzLs3eD4YIyhHjF01ASgbdoO7fSHV_83TDKV3natBZ6RzieZ4tDWlMzFaZDiGKX9I3cdSFuSYH1VKMgOSnCAbtu0QbKno131EgksHw1S3o6T2Hw3CeE5LLpd-T4dAR9B8XRgcmIpGs8iKaFvlAkFHXZihB-cufjFcoZe-M7GclK5FVVF5jZySqgBZB0ewqNVPDmY9-9mGFkOa2oM1Rs0DGdyRjSS81t8PVxXFdkgwtuDkwTTp9-17ujcn8k0y_thONo444dPwK5j6QJVpVPbbSJfUBC-AdTQJOPpvz-pT1g7byw1d9s_8UiX9.js:271
[  133892ms] [ERROR] ErrorUtils caught an error:

terminate stream because StartStreamFailure with msg : UNAUTHENTICATED [Caught in: Subscription error in preprocessResponse]

Subsequent non-fatal errors won't be logged; see https://fburl.com/debugjs. {column: 180, clientTime: 1791478404, extra: Object, guardList: Array(0), hash: u1s2wg} @ https://static.xx.fbcdn.net/rsrc.php/v4/yo/r/FBqdPl9WBmW.js:84
[  133926ms] [LOG] 
%cStop! font-family:helvetica; font-size:20px; font-size:50px; font-weight:bold; color:red; -webkit-text-stroke:1px black; @ https://static.xx.fbcdn.net/rsrc.php/v4/yo/r/FBqdPl9WBmW.js:251
[  133926ms] [LOG] 
%cThis is a browser feature intended for developers. If someone told you to copy and paste something here to enable a Facebook feature or "hack" someone's account, it's a scam and will give them access to your Facebook account. font-family:helvetica; font-size:20px;  @ https://static.xx.fbcdn.net/rsrc.php/v4/yo/r/FBqdPl9WBmW.js:251
[  133926ms] [LOG] 
%cSee https://www.facebook.com/selfxss for more information. font-family:helvetica; font-size:20px;  @ https://static.xx.fbcdn.net/rsrc.php/v4/yo/r/FBqdPl9WBmW.js:251
[  133927ms] [LOG] 
%c  @ https://static.xx.fbcdn.net/rsrc.php/v4/yo/r/FBqdPl9WBmW.js:251
[  162298ms] [WARNING] Error with Permissions-Policy header: Unrecognized feature: 'attribution-reporting'. @ :0
[  162298ms] [WARNING] Error with Permissions-Policy header: Unrecognized feature: 'shared-storage'. @ :0
[  162298ms] [WARNING] Error with Permissions-Policy header: Unrecognized feature: 'shared-storage-select-url'. @ :0
[  173457ms] [WARNING] Error with Permissions-Policy header: Unrecognized feature: 'attribution-reporting'. @ :0
[  173457ms] [WARNING] Error with Permissions-Policy header: Unrecognized feature: 'shared-storage'. @ :0
[  173457ms] [WARNING] Error with Permissions-Policy header: Unrecognized feature: 'shared-storage-select-url'. @ :0
[  173512ms] [ERROR] Permissions policy violation: unload is not allowed in this document. @ https://static.xx.fbcdn.net/rsrc.php/v4/yc/r/WwVK1XiKvTy.js:332
[  174952ms] [LOG] 
%cStop! font-family:helvetica; font-size:20px; font-size:50px; font-weight:bold; color:red; -webkit-text-stroke:1px black; @ https://static.xx.fbcdn.net/rsrc.php/v4iScQ4/yd/l/en_US-j/7SakOYpwxhdwfc3V8UpOake6mmP9sd34S8KYa2R06n8Ntf_ZzVTQkd-CekIhUv5CsrVF2m0fwFaVlVqUUFIB1QDp8k8lxWzY_Qjm1sAWulmVAuIAeCv9VXJqluXBNGld4R7hmqXBliQNGVqqxfMd_sMawOpq-0NOTgzLOSGyVZ1KBMMkgQtkW82Pgy1M1jzW5pMQej.js?_nc_eui2=AeHyqzugWcCUr62o32-iunrdxexRiy-d3BbF7FGLL53cFnhebAxtUZrs3tszucHvU-Q4rcz-h8LRo9ruIJh8xtCq:1144
[  174952ms] [LOG] 
%cThis is a browser feature intended for developers. If someone told you to copy-paste something here to enable a Facebook feature or "hack" someone's account, it's a scam and will give them access to your Facebook account. font-family:helvetica; font-size:20px;  @ https://static.xx.fbcdn.net/rsrc.php/v4iScQ4/yd/l/en_US-j/7SakOYpwxhdwfc3V8UpOake6mmP9sd34S8KYa2R06n8Ntf_ZzVTQkd-CekIhUv5CsrVF2m0fwFaVlVqUUFIB1QDp8k8lxWzY_Qjm1sAWulmVAuIAeCv9VXJqluXBNGld4R7hmqXBliQNGVqqxfMd_sMawOpq-0NOTgzLOSGyVZ1KBMMkgQtkW82Pgy1M1jzW5pMQej.js?_nc_eui2=AeHyqzugWcCUr62o32-iunrdxexRiy-d3BbF7FGLL53cFnhebAxtUZrs3tszucHvU-Q4rcz-h8LRo9ruIJh8xtCq:1144
[  174952ms] [LOG] 
%cSee https://www.facebook.com/selfxss for more information. font-family:helvetica; font-size:20px;  @ https://static.xx.fbcdn.net/rsrc.php/v4iScQ4/yd/l/en_US-j/7SakOYpwxhdwfc3V8UpOake6mmP9sd34S8KYa2R06n8Ntf_ZzVTQkd-CekIhUv5CsrVF2m0fwFaVlVqUUFIB1QDp8k8lxWzY_Qjm1sAWulmVAuIAeCv9VXJqluXBNGld4R7hmqXBliQNGVqqxfMd_sMawOpq-0NOTgzLOSGyVZ1KBMMkgQtkW82Pgy1M1jzW5pMQej.js?_nc_eui2=AeHyqzugWcCUr62o32-iunrdxexRiy-d3BbF7FGLL53cFnhebAxtUZrs3tszucHvU-Q4rcz-h8LRo9ruIJh8xtCq:1144
[  174952ms] [LOG] 
%c  @ https://static.xx.fbcdn.net/rsrc.php/v4iScQ4/yd/l/en_US-j/7SakOYpwxhdwfc3V8UpOake6mmP9sd34S8KYa2R06n8Ntf_ZzVTQkd-CekIhUv5CsrVF2m0fwFaVlVqUUFIB1QDp8k8lxWzY_Qjm1sAWulmVAuIAeCv9VXJqluXBNGld4R7hmqXBliQNGVqqxfMd_sMawOpq-0NOTgzLOSGyVZ1KBMMkgQtkW82Pgy1M1jzW5pMQej.js?_nc_eui2=AeHyqzugWcCUr62o32-iunrdxexRiy-d3BbF7FGLL53cFnhebAxtUZrs3tszucHvU-Q4rcz-h8LRo9ruIJh8xtCq:1144
[ 1676890ms] [ERROR] WebSocket is already in CLOSING or CLOSED state. @ https://static.xx.fbcdn.net/rsrc.php/v4/y6/r/p3qPE7taovC.js?_nc_eui2=AeESU5PF1A_h6mxFhCsmVDLJrF1YBywWwF2sXVgHLBbAXfio428ws1p7F1cK1KjWmnO-hL5Gf4cwKWs9ZECKMT8i:21
[ 1677033ms] [ERROR] Failed to load resource: net::ERR_NAME_NOT_RESOLVED @ https://www.facebook.com/api/graphql/:0
[ 1677450ms] [ERROR] Failed to load resource: net::ERR_NAME_NOT_RESOLVED @ https://www.facebook.com/nw/:0
[ 1677459ms] [ERROR] Failed to load resource: net::ERR_NAME_NOT_RESOLVED @ https://www.facebook.com/api/graphql/:0
[ 1677459ms] [ERROR] WebSocket connection to 'wss://gateway.facebook.com/ws/rpsignaling?x-dgw-appid=2220391788200892&x-dgw-appversion=0&x-dgw-authtype=1:0&x-dgw-version=5&x-dgw-uuid=100035602743828&x-dgw-tier=prod&x-dgw-loggingid=ef33041f-1047-4708-9077-3646b7192be2&x-dgw-deviceid=61b50d65-d3c0-4b1d-97d4-c8e53be49b9c&x-dgw-app-stream-group=group1&x-dgw-app-useUnifiedStream=true' failed: Error in connection establishment: net::ERR_NAME_NOT_RESOLVED @ https://static.xx.fbcdn.net/rsrc.php/v4/y6/r/p3qPE7taovC.js?_nc_eui2=AeESU5PF1A_h6mxFhCsmVDLJrF1YBywWwF2sXVgHLBbAXfio428ws1p7F1cK1KjWmnO-hL5Gf4cwKWs9ZECKMT8i:16
[ 1677722ms] [ERROR] Failed to load resource: net::ERR_NAME_NOT_RESOLVED @ https://www.facebook.com/nw/:0
[ 1677727ms] [ERROR] WebSocket connection to 'wss://gateway.facebook.com/ws/realtime?x-dgw-appid=2220391788200892&x-dgw-appversion=0&x-dgw-authtype=1:0&x-dgw-version=5&x-dgw-uuid=100035602743828&x-dgw-tier=prod&x-dgw-deviceid=18618434-0e81-47d8-bf16-760ef96d6fb4&x-dgw-app-stream-group=group1' failed: Error in connection establishment: net::ERR_NAME_NOT_RESOLVED @ https://static.xx.fbcdn.net/rsrc.php/v4/y6/r/p3qPE7taovC.js?_nc_eui2=AeESU5PF1A_h6mxFhCsmVDLJrF1YBywWwF2sXVgHLBbAXfio428ws1p7F1cK1KjWmnO-hL5Gf4cwKWs9ZECKMT8i:16
[ 1677727ms] [ERROR] WebSocket connection to 'wss://gateway.facebook.com/ws/streamcontroller?x-dgw-appid=2220391788200892&x-dgw-appversion=0&x-dgw-authtype=1:0&x-dgw-version=5&x-dgw-uuid=100035602743828&x-dgw-tier=prod&x-dgw-deviceid=4cfa069a-65e6-4348-9dfe-99a17b5dea9c&x-dgw-app-stream-group=group1' failed: Error in connection establishment: net::ERR_NAME_NOT_RESOLVED @ https://static.xx.fbcdn.net/rsrc.php/v4/y6/r/p3qPE7taovC.js?_nc_eui2=AeESU5PF1A_h6mxFhCsmVDLJrF1YBywWwF2sXVgHLBbAXfio428ws1p7F1cK1KjWmnO-hL5Gf4cwKWs9ZECKMT8i:16
[ 1678215ms] [ERROR] Failed to load resource: net::ERR_NAME_NOT_RESOLVED @ https://www.facebook.com/api/graphql/:0
[ 1678216ms] [ERROR] Failed to load resource: net::ERR_NAME_NOT_RESOLVED @ https://www.facebook.com/nw/:0
[ 1678222ms] [ERROR] WebSocket connection to 'wss://gateway.facebook.com/ws/lightspeed?x-dgw-appid=2220391788200892&x-dgw-appversion=0&x-dgw-authtype=1:0&x-dgw-version=5&x-dgw-uuid=100035602743828&x-dgw-tier=prod&x-dgw-loggingid=f19c9bea-acc7-4b57-99ab-6af834287c40&x-dgw-regionhint=PRN&x-dgw-deviceid=db54e0bc-bf99-4666-b442-be423ff07e26' failed: Error in connection establishment: net::ERR_NAME_NOT_RESOLVED @ https://static.xx.fbcdn.net/rsrc.php/v4/y6/r/p3qPE7taovC.js?_nc_eui2=AeESU5PF1A_h6mxFhCsmVDLJrF1YBywWwF2sXVgHLBbAXfio428ws1p7F1cK1KjWmnO-hL5Gf4cwKWs9ZECKMT8i:16
[ 1678539ms] [ERROR] WebSocket connection to 'wss://gateway.facebook.com/ws/rpsignaling?x-dgw-appid=2220391788200892&x-dgw-appversion=0&x-dgw-authtype=1:0&x-dgw-version=5&x-dgw-uuid=100035602743828&x-dgw-tier=prod&x-dgw-loggingid=ef33041f-1047-4708-9077-3646b7192be2&x-dgw-deviceid=61b50d65-d3c0-4b1d-97d4-c8e53be49b9c&x-dgw-app-stream-group=group1&x-dgw-app-useUnifiedStream=true' failed: Error in connection establishment: net::ERR_NAME_NOT_RESOLVED @ https://static.xx.fbcdn.net/rsrc.php/v4/y6/r/p3qPE7taovC.js?_nc_eui2=AeESU5PF1A_h6mxFhCsmVDLJrF1YBywWwF2sXVgHLBbAXfio428ws1p7F1cK1KjWmnO-hL5Gf4cwKWs9ZECKMT8i:16
[ 1678869ms] [ERROR] WebSocket connection to 'wss://gateway.facebook.com/ws/realtime?x-dgw-appid=2220391788200892&x-dgw-appversion=0&x-dgw-authtype=1:0&x-dgw-version=5&x-dgw-uuid=100035602743828&x-dgw-tier=prod&x-dgw-deviceid=18618434-0e81-47d8-bf16-760ef96d6fb4&x-dgw-app-stream-group=group1' failed: Error in connection establishment: net::ERR_NAME_NOT_RESOLVED @ https://static.xx.fbcdn.net/rsrc.php/v4/y6/r/p3qPE7taovC.js?_nc_eui2=AeESU5PF1A_h6mxFhCsmVDLJrF1YBywWwF2sXVgHLBbAXfio428ws1p7F1cK1KjWmnO-hL5Gf4cwKWs9ZECKMT8i:16
[ 1678901ms] [ERROR] WebSocket connection to 'wss://gateway.facebook.com/ws/streamcontroller?x-dgw-appid=2220391788200892&x-dgw-appversion=0&x-dgw-authtype=1:0&x-dgw-version=5&x-dgw-uuid=100035602743828&x-dgw-tier=prod&x-dgw-deviceid=4cfa069a-65e6-4348-9dfe-99a17b5dea9c&x-dgw-app-stream-group=group1' failed: Error in connection establishment: net::ERR_NAME_NOT_RESOLVED @ https://static.xx.fbcdn.net/rsrc.php/v4/y6/r/p3qPE7taovC.js?_nc_eui2=AeESU5PF1A_h6mxFhCsmVDLJrF1YBywWwF2sXVgHLBbAXfio428ws1p7F1cK1KjWmnO-hL5Gf4cwKWs9ZECKMT8i:16
[ 1679024ms] [ERROR] Failed to load resource: net::ERR_NAME_NOT_RESOLVED @ https://www.facebook.com/nw/:0
[ 1679554ms] [ERROR] WebSocket connection to 'wss://gateway.facebook.com/ws/rpsignaling?x-dgw-appid=2220391788200892&x-dgw-appversion=0&x-dgw-authtype=1:0&x-dgw-version=5&x-dgw-uuid=100035602743828&x-dgw-tier=prod&x-dgw-loggingid=ef33041f-1047-4708-9077-3646b7192be2&x-dgw-deviceid=61b50d65-d3c0-4b1d-97d4-c8e53be49b9c&x-dgw-app-stream-group=group1&x-dgw-app-useUnifiedStream=true' failed: Error in connection establishment: net::ERR_NAME_NOT_RESOLVED @ https://static.xx.fbcdn.net/rsrc.php/v4/y6/r/p3qPE7taovC.js?_nc_eui2=AeESU5PF1A_h6mxFhCsmVDLJrF1YBywWwF2sXVgHLBbAXfio428ws1p7F1cK1KjWmnO-hL5Gf4cwKWs9ZECKMT8i:16
[ 4854831ms] [ERROR] Failed to load resource: net::ERR_NAME_NOT_RESOLVED @ https://scontent.fdac198-2.fna.fbcdn.net/v/t39.30808-1/729736802_122094200493382135_7824801780672189061_n.jpg?stp=cp0_dst-jpg_tt6&cstp=mx720x722&ctp=s40x40&_nc_cat=108&_nc_map=urlgen_bucketless&ccb=1-7&_nc_sid=e99d92&_nc_eui2=AeGQ5u07Fd_93Kyl1BCm46teHNp_fGMOc6Ec2n98Yw5zoR5ij6eCiR_tHAVWpb9Wwp3-cw166wQBWqSFyzEfPCYZ&_nc_ohc=YkNQgu9Qkh8Q7kNvwF0csMh&_nc_oc=AdoNNJZ8jnKpL4zX-nEdkuXUI0UspNgm2jIvHo-U725PUF1FbnjDmxibNTODp6K3BRY&_nc_zt=24&_nc_ht=scontent.fdac198-2.fna&_nc_gid=ff0hyytNI4HIExu6Z-yeuQ&_nc_ss=7b2a8&oh=00_AQPXXgoZNxnuh7pmEtsyO598HVDsVIW5tScXXelckf5I-A&oe=6ACDC56B:0
