[    4442ms] [WARNING] Error with Permissions-Policy header: Unrecognized feature: 'attribution-reporting'. @ :0
[    4442ms] [WARNING] Error with Permissions-Policy header: Unrecognized feature: 'shared-storage'. @ :0
[    4442ms] [WARNING] Error with Permissions-Policy header: Unrecognized feature: 'shared-storage-select-url'. @ :0
[    6500ms] [INFO] Slow network is detected. See https://www.chromestatus.com/feature/5636954674692096 for more details. Fallback font will be used while loading: https://static.cdninstagram.com/rsrc.php/yQ/r/-pkMfchyeAZ.woff2 @ https://www.instagram.com/:0
[    6555ms] [VERBOSE] [DOM] Input elements should have autocomplete attributes (suggested: "current-password"): (More info: https://goo.gl/9p2vKq) %o @ https://www.instagram.com/:0
[    8477ms] [LOG] 
%cStop! font-family:helvetica; font-size:20px; font-size:50px; font-weight:bold; color:red; -webkit-text-stroke:1px black; @ https://static.cdninstagram.com/rsrc.php/v4ijWG4/yG/l/en_US/WlJgN3O9xO9.js:8
[    8477ms] [LOG] 
%cThis is a browser feature intended for developers. If someone told you to copy-paste something here to enable an Instagram feature or "hack" someone's account, it is a scam and will give them access to your Instagram account. font-family:helvetica; font-size:20px;  @ https://static.cdninstagram.com/rsrc.php/v4ijWG4/yG/l/en_US/WlJgN3O9xO9.js:8
[    8478ms] [LOG] 
%cSee https://www.facebook.com/selfxss for more information. font-family:helvetica; font-size:20px;  @ https://static.cdninstagram.com/rsrc.php/v4ijWG4/yG/l/en_US/WlJgN3O9xO9.js:8
[    8478ms] [LOG] 
%c  @ https://static.cdninstagram.com/rsrc.php/v4ijWG4/yG/l/en_US/WlJgN3O9xO9.js:8
[   17004ms] [INFO] Banner not shown: beforeinstallpromptevent.preventDefault() called. The page must call beforeinstallpromptevent.prompt() to show the banner. @ https://www.instagram.com/:0
[   17473ms] [WARNING] Error with Permissions-Policy header: Unrecognized feature: 'attribution-reporting'. @ :0
[   17473ms] [WARNING] Error with Permissions-Policy header: Unrecognized feature: 'shared-storage'. @ :0
[   17473ms] [WARNING] Error with Permissions-Policy header: Unrecognized feature: 'shared-storage-select-url'. @ :0
[   18693ms] [INFO] Slow network is detected. See https://www.chromestatus.com/feature/5636954674692096 for more details. Fallback font will be used while loading: https://static.xx.fbcdn.net/rsrc.php/yl/r/9AJbVCy4-G1.woff2 @ https://www.facebook.com/login.php?next=https%3A%2F%2Fwww.facebook.com%2Foidc%2F%3Fapp_id%3D124024574287414%26redirect_uri%3Dhttps%253A%252F%252Fwww.instagram.com%252Faccounts%252Fsignupviafb%252F%26response_type%3Dcode%26scope%3Dopenid%2Bemail%2Bprofile%2Blinking%26state%3DATqQwMMwlY8726oOdxH1y9DQnGeW4phuEOgbjAsj4o2quJ90qQvj-RFweOWINmmKHd9CS9F5wHQCtsydcyfGzpLcSjqZGZ5yYsAWFI3RP3Qn9JOK4EA43JMO_qu-oszMGqTFTwkFQ0oJdLOImMMoEHnA39kJlA4stARYMj6r5EWj3WkSP_p2yrpGRr2zv5Aee7my8UgqHF9cYDtbM69zoFlFjjlyo7EEgR3WILZPdDikxJ67uF23rEWCnezeGOQRyaN9rl7r-YYIeUPrniAZS-Twrw:134
[   18693ms] [INFO] Slow network is detected. See https://www.chromestatus.com/feature/5636954674692096 for more details. Fallback font will be used while loading: https://static.xx.fbcdn.net/rsrc.php/yQ/r/-pkMfchyeAZ.woff2 @ https://www.facebook.com/login.php?next=https%3A%2F%2Fwww.facebook.com%2Foidc%2F%3Fapp_id%3D124024574287414%26redirect_uri%3Dhttps%253A%252F%252Fwww.instagram.com%252Faccounts%252Fsignupviafb%252F%26response_type%3Dcode%26scope%3Dopenid%2Bemail%2Bprofile%2Blinking%26state%3DATqQwMMwlY8726oOdxH1y9DQnGeW4phuEOgbjAsj4o2quJ90qQvj-RFweOWINmmKHd9CS9F5wHQCtsydcyfGzpLcSjqZGZ5yYsAWFI3RP3Qn9JOK4EA43JMO_qu-oszMGqTFTwkFQ0oJdLOImMMoEHnA39kJlA4stARYMj6r5EWj3WkSP_p2yrpGRr2zv5Aee7my8UgqHF9cYDtbM69zoFlFjjlyo7EEgR3WILZPdDikxJ67uF23rEWCnezeGOQRyaN9rl7r-YYIeUPrniAZS-Twrw:134
[   18803ms] [VERBOSE] [DOM] Input elements should have autocomplete attributes (suggested: "current-password"): (More info: https://goo.gl/9p2vKq) %o @ https://www.facebook.com/login.php?next=https%3A%2F%2Fwww.facebook.com%2Foidc%2F%3Fapp_id%3D124024574287414%26redirect_uri%3Dhttps%253A%252F%252Fwww.instagram.com%252Faccounts%252Fsignupviafb%252F%26response_type%3Dcode%26scope%3Dopenid%2Bemail%2Bprofile%2Blinking%26state%3DATqQwMMwlY8726oOdxH1y9DQnGeW4phuEOgbjAsj4o2quJ90qQvj-RFweOWINmmKHd9CS9F5wHQCtsydcyfGzpLcSjqZGZ5yYsAWFI3RP3Qn9JOK4EA43JMO_qu-oszMGqTFTwkFQ0oJdLOImMMoEHnA39kJlA4stARYMj6r5EWj3WkSP_p2yrpGRr2zv5Aee7my8UgqHF9cYDtbM69zoFlFjjlyo7EEgR3WILZPdDikxJ67uF23rEWCnezeGOQRyaN9rl7r-YYIeUPrniAZS-Twrw:0
[   19164ms] [ERROR] ErrorUtils caught an error:

ServerJS payload nonce validation failed:  v/s l7IslA8X

Subsequent non-fatal errors won't be logged; see https://fburl.com/debugjs. {column: 17878, clientTime: 1791477815, extra: Object, guardList: Array(1), hash: anufie} @ https://static.xx.fbcdn.net/rsrc.php/v4/yo/r/FBqdPl9WBmW.js:84
[   31947ms] [WARNING] Canvas2D: Multiple readback operations using getImageData are faster with the willReadFrequently attribute set to true. See: https://html.spec.whatwg.org/multipage/canvas.html#concept-canvas-will-read-frequently @ https://static.xx.fbcdn.net/rsrc.php/v4iT_L4/yN/l/en_GB-j/1cbRHTOIfUHTV8TORQKW257aQ0tIzpYe-atBZ6RzieZ482Yz_4vfOJLldlUDUZRIYNjMVGcktGGRpgsrdnM8aO5U4SU6MZnBjqvvgbP17nadgYVIPNHOqVL96-6WbiBCT8LXrruBGGEYFdG-3cg2A1TYpFRiy88PrQTXQ40307glsc25Diwkb1NO6WcHOuTKPHdF_PAdF4Q4yS3Q5XV_vKBEegn7yLIhLjdtTF563T-omr2qwML2OjEpNOBjYciA8WtYtX2KRtKQGwG0ihEa-9ML_Y_MRXHBlvxuIMFsRSR_169Kn2AO9V3TtN2HhP5-Qx8lcabVTD.js:191
[   32488ms] [LOG] 
%cStop! font-family:helvetica; font-size:20px; font-size:50px; font-weight:bold; color:red; -webkit-text-stroke:1px black; @ https://static.xx.fbcdn.net/rsrc.php/v4/yo/r/FBqdPl9WBmW.js:251
[   32488ms] [LOG] 
%cThis is a browser feature intended for developers. If someone told you to copy and paste something here to enable a Facebook feature or "hack" someone's account, it's a scam and will give them access to your Facebook account. font-family:helvetica; font-size:20px;  @ https://static.xx.fbcdn.net/rsrc.php/v4/yo/r/FBqdPl9WBmW.js:251
[   32488ms] [LOG] 
%cSee https://www.facebook.com/selfxss for more information. font-family:helvetica; font-size:20px;  @ https://static.xx.fbcdn.net/rsrc.php/v4/yo/r/FBqdPl9WBmW.js:251
[   32488ms] [LOG] 
%c  @ https://static.xx.fbcdn.net/rsrc.php/v4/yo/r/FBqdPl9WBmW.js:251
