[    4995ms] [WARNING] Error with Permissions-Policy header: Unrecognized feature: 'attribution-reporting'. @ :0
[    4995ms] [WARNING] Error with Permissions-Policy header: Unrecognized feature: 'shared-storage'. @ :0
[    4995ms] [WARNING] Error with Permissions-Policy header: Unrecognized feature: 'shared-storage-select-url'. @ :0
[    5286ms] [VERBOSE] [DOM] Input elements should have autocomplete attributes (suggested: "current-password"): (More info: https://goo.gl/9p2vKq) %o @ https://www.instagram.com/?hl=bn:0
[    5424ms] [LOG] 
%cথামুন! font-family:helvetica; font-size:20px; font-size:50px; font-weight:bold; color:red; -webkit-text-stroke:1px black; @ https://static.cdninstagram.com/rsrc.php/v4iDgx4/yn/l/bn_IN/WlJgN3O9xO9.js:8
[    5426ms] [LOG] 
%cএই ব্রাউজার ফিচারটি ডেভেলপারদের ব্যবহারের জন্য। যদি কেউ আপনাকে কোনো Instagram ফিচার চালু করতে বা কারও অ্যাকাউন্ট "হ্যাক" করার প্রতিশ্রুতি দিয়ে এখানে কিছু কপি-পেস্ট করতে বলেন, তবে জানবেন যে সেটি স্ক্যাম এবং এভাবে তিনি আপনার Instagram অ্যাকাউন্টের অ্যাক্সেস পেয়ে যাবেন। font-family:helvetica; font-size:20px;  @ https://static.cdninstagram.com/rsrc.php/v4iDgx4/yn/l/bn_IN/WlJgN3O9xO9.js:8
[    5426ms] [LOG] 
%cআরও তথ্যের জন্য https://www.facebook.com/selfxss লিঙ্কটি দেখুন। font-family:helvetica; font-size:20px;  @ https://static.cdninstagram.com/rsrc.php/v4iDgx4/yn/l/bn_IN/WlJgN3O9xO9.js:8
[    5427ms] [LOG] 
%c  @ https://static.cdninstagram.com/rsrc.php/v4iDgx4/yn/l/bn_IN/WlJgN3O9xO9.js:8
[    5667ms] [INFO] Banner not shown: beforeinstallpromptevent.preventDefault() called. The page must call beforeinstallpromptevent.prompt() to show the banner. @ https://www.instagram.com/?hl=bn:0
[    7856ms] [ERROR] ErrorUtils caught an error:

signal is aborted without reason [Caught in: Passkey authentication failed]

Subsequent non-fatal errors won't be logged; see https://fburl.com/debugjs. {column: 3025, clientTime: 1791478469, extra: Object, guardList: Array(0), hash: l23ftp} @ https://static.cdninstagram.com/rsrc.php/v4/yA/r/1WKi-cANTvQ.js:84
[   19256ms] [WARNING] Error with Permissions-Policy header: Unrecognized feature: 'attribution-reporting'. @ :0
[   19256ms] [WARNING] Error with Permissions-Policy header: Unrecognized feature: 'shared-storage'. @ :0
[   19256ms] [WARNING] Error with Permissions-Policy header: Unrecognized feature: 'shared-storage-select-url'. @ :0
[   20197ms] [VERBOSE] Rendering was performed in a subtree hidden by content-visibility. @ https://static.cdninstagram.com/rsrc.php/v4/yA/r/1WKi-cANTvQ.js:267
[   20975ms] [VERBOSE] Rendering was performed in a subtree hidden by content-visibility. @ https://static.cdninstagram.com/rsrc.php/v4/yA/r/1WKi-cANTvQ.js:267
[   21320ms] [VERBOSE] Rendering was performed in a subtree hidden by content-visibility. @ https://static.cdninstagram.com/rsrc.php/v4/yA/r/1WKi-cANTvQ.js:267
[   22332ms] [INFO] Banner not shown: beforeinstallpromptevent.preventDefault() called. The page must call beforeinstallpromptevent.prompt() to show the banner. @ https://www.instagram.com/:0
[   22735ms] [LOG] 
%cStop! font-family:helvetica; font-size:20px; font-size:50px; font-weight:bold; color:red; -webkit-text-stroke:1px black; @ https://static.cdninstagram.com/rsrc.php/v4ijWG4/y0/l/en_US-j/WlJgN3O9xO9.js:8
[   22735ms] [LOG] 
%cThis is a browser feature intended for developers. If someone told you to copy-paste something here to enable an Instagram feature or "hack" someone's account, it is a scam and will give them access to your Instagram account. font-family:helvetica; font-size:20px;  @ https://static.cdninstagram.com/rsrc.php/v4ijWG4/y0/l/en_US-j/WlJgN3O9xO9.js:8
[   22735ms] [LOG] 
%cSee https://www.facebook.com/selfxss for more information. font-family:helvetica; font-size:20px;  @ https://static.cdninstagram.com/rsrc.php/v4ijWG4/y0/l/en_US-j/WlJgN3O9xO9.js:8
[   22735ms] [LOG] 
%c  @ https://static.cdninstagram.com/rsrc.php/v4ijWG4/y0/l/en_US-j/WlJgN3O9xO9.js:8
[   22989ms] [WARNING] Error with Permissions-Policy header: Unrecognized feature: 'attribution-reporting'. @ :0
[   22989ms] [WARNING] Error with Permissions-Policy header: Unrecognized feature: 'shared-storage'. @ :0
[   22989ms] [WARNING] Error with Permissions-Policy header: Unrecognized feature: 'shared-storage-select-url'. @ :0
[   23353ms] [WARNING] Error with Permissions-Policy header: Unrecognized feature: 'attribution-reporting'. @ :0
[   23353ms] [WARNING] Error with Permissions-Policy header: Unrecognized feature: 'shared-storage'. @ :0
[   23353ms] [WARNING] Error with Permissions-Policy header: Unrecognized feature: 'shared-storage-select-url'. @ :0
[   23671ms] [WARNING] Error with Permissions-Policy header: Unrecognized feature: 'attribution-reporting'. @ :0
[   23671ms] [WARNING] Error with Permissions-Policy header: Unrecognized feature: 'shared-storage'. @ :0
[   23671ms] [WARNING] Error with Permissions-Policy header: Unrecognized feature: 'shared-storage-select-url'. @ :0
[   26154ms] [WARNING] Error with Permissions-Policy header: Unrecognized feature: 'attribution-reporting'. @ :0
[   26154ms] [WARNING] Error with Permissions-Policy header: Unrecognized feature: 'shared-storage'. @ :0
[   26154ms] [WARNING] Error with Permissions-Policy header: Unrecognized feature: 'shared-storage-select-url'. @ :0
[   26399ms] [ERROR] Permissions policy violation: unload is not allowed in this document. @ https://static.xx.fbcdn.net/rsrc.php/v4/yo/r/FBqdPl9WBmW.js?_nc_eui2=AeFlEy-wNVHXps026vH-jSdu4G7-geHXNiXgbv6B4dc2JYrh2w4TMArITQFOTTjdIEmpZVNm2SfSQEE3d74J0KNe:247
