[     543ms] [INFO] %cDownload the React DevTools for a better development experience: https://react.dev/link/react-devtools font-weight:bold @ http://localhost:3000/_next/static/chunks/node_modules_next_dist_1e8vcs8._.js:776
[     592ms] [LOG] [HMR] connected @ http://localhost:3000/_next/static/chunks/node_modules_next_dist_1e8vcs8._.js:776
[   70708ms] [WARNING] Detected `scroll-behavior: smooth` on the `<html>` element. To disable smooth scrolling during route transitions, add `data-scroll-behavior="smooth"` to your <html> element. Learn more: https://nextjs.org/docs/messages/missing-data-scroll-behavior @ http://localhost:3000/_next/static/chunks/node_modules_next_dist_1e8vcs8._.js:776
[  153817ms] [LOG] [Fast Refresh] rebuilding @ http://localhost:3000/_next/static/chunks/node_modules_next_dist_1e8vcs8._.js:776
[  155063ms] [LOG] [Fast Refresh] done in 1311ms @ http://localhost:3000/_next/static/chunks/node_modules_next_dist_1e8vcs8._.js:776
[  155194ms] [LOG] [Fast Refresh] done in 1311ms @ http://localhost:3000/_next/static/chunks/node_modules_next_dist_1e8vcs8._.js:776
[  155259ms] [LOG] [Fast Refresh] done in 1311ms @ http://localhost:3000/_next/static/chunks/node_modules_next_dist_1e8vcs8._.js:776
[  155320ms] [LOG] [Fast Refresh] done in 1311ms @ http://localhost:3000/_next/static/chunks/node_modules_next_dist_1e8vcs8._.js:776
[  155369ms] [LOG] [Fast Refresh] done in 1311ms @ http://localhost:3000/_next/static/chunks/node_modules_next_dist_1e8vcs8._.js:776
[  155431ms] [LOG] [Fast Refresh] done in 1311ms @ http://localhost:3000/_next/static/chunks/node_modules_next_dist_1e8vcs8._.js:776
[  155487ms] [LOG] [Fast Refresh] done in 1311ms @ http://localhost:3000/_next/static/chunks/node_modules_next_dist_1e8vcs8._.js:776
[  155550ms] [LOG] [Fast Refresh] done in 1311ms @ http://localhost:3000/_next/static/chunks/node_modules_next_dist_1e8vcs8._.js:776
[  155606ms] [LOG] [Fast Refresh] done in 1311ms @ http://localhost:3000/_next/static/chunks/node_modules_next_dist_1e8vcs8._.js:776
[  155654ms] [LOG] [Fast Refresh] done in 1311ms @ http://localhost:3000/_next/static/chunks/node_modules_next_dist_1e8vcs8._.js:776
[  155717ms] [LOG] [Fast Refresh] done in 1311ms @ http://localhost:3000/_next/static/chunks/node_modules_next_dist_1e8vcs8._.js:776
[  155767ms] [LOG] [Fast Refresh] done in 1311ms @ http://localhost:3000/_next/static/chunks/node_modules_next_dist_1e8vcs8._.js:776
[  155824ms] [LOG] [Fast Refresh] done in 1311ms @ http://localhost:3000/_next/static/chunks/node_modules_next_dist_1e8vcs8._.js:776
[  155887ms] [LOG] [Fast Refresh] done in 1311ms @ http://localhost:3000/_next/static/chunks/node_modules_next_dist_1e8vcs8._.js:776
[  155951ms] [LOG] [Fast Refresh] done in 1311ms @ http://localhost:3000/_next/static/chunks/node_modules_next_dist_1e8vcs8._.js:776
[  156014ms] [LOG] [Fast Refresh] done in 1311ms @ http://localhost:3000/_next/static/chunks/node_modules_next_dist_1e8vcs8._.js:776
[  156061ms] [LOG] [Fast Refresh] done in 1311ms @ http://localhost:3000/_next/static/chunks/node_modules_next_dist_1e8vcs8._.js:776
[  156112ms] [LOG] [Fast Refresh] done in 1311ms @ http://localhost:3000/_next/static/chunks/node_modules_next_dist_1e8vcs8._.js:776
[  156170ms] [LOG] [Fast Refresh] done in 1311ms @ http://localhost:3000/_next/static/chunks/node_modules_next_dist_1e8vcs8._.js:776
[  156220ms] [LOG] [Fast Refresh] done in 1311ms @ http://localhost:3000/_next/static/chunks/node_modules_next_dist_1e8vcs8._.js:776
[  156279ms] [LOG] [Fast Refresh] done in 1311ms @ http://localhost:3000/_next/static/chunks/node_modules_next_dist_1e8vcs8._.js:776
[  156338ms] [LOG] [Fast Refresh] done in 1311ms @ http://localhost:3000/_next/static/chunks/node_modules_next_dist_1e8vcs8._.js:776
[  156404ms] [LOG] [Fast Refresh] done in 1311ms @ http://localhost:3000/_next/static/chunks/node_modules_next_dist_1e8vcs8._.js:776
[  156453ms] [LOG] [Fast Refresh] done in 1311ms @ http://localhost:3000/_next/static/chunks/node_modules_next_dist_1e8vcs8._.js:776
[  156503ms] [LOG] [Fast Refresh] done in 1311ms @ http://localhost:3000/_next/static/chunks/node_modules_next_dist_1e8vcs8._.js:776
[  156554ms] [LOG] [Fast Refresh] done in 1311ms @ http://localhost:3000/_next/static/chunks/node_modules_next_dist_1e8vcs8._.js:776
[  156604ms] [LOG] [Fast Refresh] done in 1311ms @ http://localhost:3000/_next/static/chunks/node_modules_next_dist_1e8vcs8._.js:776
[  156660ms] [LOG] [Fast Refresh] done in 1311ms @ http://localhost:3000/_next/static/chunks/node_modules_next_dist_1e8vcs8._.js:776
[  156720ms] [LOG] [Fast Refresh] done in 1311ms @ http://localhost:3000/_next/static/chunks/node_modules_next_dist_1e8vcs8._.js:776
[  156765ms] [LOG] [Fast Refresh] done in 1311ms @ http://localhost:3000/_next/static/chunks/node_modules_next_dist_1e8vcs8._.js:776
[  156813ms] [LOG] [Fast Refresh] done in 1311ms @ http://localhost:3000/_next/static/chunks/node_modules_next_dist_1e8vcs8._.js:776
[  156870ms] [LOG] [Fast Refresh] done in 1311ms @ http://localhost:3000/_next/static/chunks/node_modules_next_dist_1e8vcs8._.js:776
[  156963ms] [LOG] [Fast Refresh] done in 1311ms @ http://localhost:3000/_next/static/chunks/node_modules_next_dist_1e8vcs8._.js:776
[  157022ms] [LOG] [Fast Refresh] done in 1311ms @ http://localhost:3000/_next/static/chunks/node_modules_next_dist_1e8vcs8._.js:776
[  157071ms] [LOG] [Fast Refresh] done in 1311ms @ http://localhost:3000/_next/static/chunks/node_modules_next_dist_1e8vcs8._.js:776
[  157273ms] [LOG] [Fast Refresh] done in 1311ms @ http://localhost:3000/_next/static/chunks/node_modules_next_dist_1e8vcs8._.js:776
[  157335ms] [LOG] [Fast Refresh] done in 1311ms @ http://localhost:3000/_next/static/chunks/node_modules_next_dist_1e8vcs8._.js:776
[  157387ms] [LOG] [Fast Refresh] done in 1311ms @ http://localhost:3000/_next/static/chunks/node_modules_next_dist_1e8vcs8._.js:776
[  157439ms] [LOG] [Fast Refresh] done in 1311ms @ http://localhost:3000/_next/static/chunks/node_modules_next_dist_1e8vcs8._.js:776
[  157502ms] [LOG] [Fast Refresh] done in 1311ms @ http://localhost:3000/_next/static/chunks/node_modules_next_dist_1e8vcs8._.js:776
[  157554ms] [LOG] [Fast Refresh] done in 1311ms @ http://localhost:3000/_next/static/chunks/node_modules_next_dist_1e8vcs8._.js:776
[  157618ms] [LOG] [Fast Refresh] done in 1311ms @ http://localhost:3000/_next/static/chunks/node_modules_next_dist_1e8vcs8._.js:776
[  157671ms] [LOG] [Fast Refresh] done in 1311ms @ http://localhost:3000/_next/static/chunks/node_modules_next_dist_1e8vcs8._.js:776
[  157726ms] [LOG] [Fast Refresh] done in 1311ms @ http://localhost:3000/_next/static/chunks/node_modules_next_dist_1e8vcs8._.js:776
[  157787ms] [LOG] [Fast Refresh] done in 1311ms @ http://localhost:3000/_next/static/chunks/node_modules_next_dist_1e8vcs8._.js:776
[  157851ms] [LOG] [Fast Refresh] done in 1311ms @ http://localhost:3000/_next/static/chunks/node_modules_next_dist_1e8vcs8._.js:776
[  157904ms] [LOG] [Fast Refresh] done in 1311ms @ http://localhost:3000/_next/static/chunks/node_modules_next_dist_1e8vcs8._.js:776
[  157960ms] [LOG] [Fast Refresh] done in 1311ms @ http://localhost:3000/_next/static/chunks/node_modules_next_dist_1e8vcs8._.js:776
[  158020ms] [LOG] [Fast Refresh] done in 1311ms @ http://localhost:3000/_next/static/chunks/node_modules_next_dist_1e8vcs8._.js:776
[  158071ms] [LOG] [Fast Refresh] done in 1311ms @ http://localhost:3000/_next/static/chunks/node_modules_next_dist_1e8vcs8._.js:776
[  158120ms] [LOG] [Fast Refresh] done in 1311ms @ http://localhost:3000/_next/static/chunks/node_modules_next_dist_1e8vcs8._.js:776
[  158171ms] [LOG] [Fast Refresh] done in 1311ms @ http://localhost:3000/_next/static/chunks/node_modules_next_dist_1e8vcs8._.js:776
[  158220ms] [LOG] [Fast Refresh] done in 1311ms @ http://localhost:3000/_next/static/chunks/node_modules_next_dist_1e8vcs8._.js:776
[  158271ms] [LOG] [Fast Refresh] done in 1311ms @ http://localhost:3000/_next/static/chunks/node_modules_next_dist_1e8vcs8._.js:776
[  158335ms] [LOG] [Fast Refresh] done in 1311ms @ http://localhost:3000/_next/static/chunks/node_modules_next_dist_1e8vcs8._.js:776
[  158389ms] [LOG] [Fast Refresh] done in 1311ms @ http://localhost:3000/_next/static/chunks/node_modules_next_dist_1e8vcs8._.js:776
[  158439ms] [LOG] [Fast Refresh] done in 1311ms @ http://localhost:3000/_next/static/chunks/node_modules_next_dist_1e8vcs8._.js:776
[  158489ms] [LOG] [Fast Refresh] done in 1311ms @ http://localhost:3000/_next/static/chunks/node_modules_next_dist_1e8vcs8._.js:776
[  158553ms] [LOG] [Fast Refresh] done in 1311ms @ http://localhost:3000/_next/static/chunks/node_modules_next_dist_1e8vcs8._.js:776
[  158604ms] [LOG] [Fast Refresh] done in 1311ms @ http://localhost:3000/_next/static/chunks/node_modules_next_dist_1e8vcs8._.js:776
[  158654ms] [LOG] [Fast Refresh] done in 1311ms @ http://localhost:3000/_next/static/chunks/node_modules_next_dist_1e8vcs8._.js:776
[  158704ms] [LOG] [Fast Refresh] done in 1311ms @ http://localhost:3000/_next/static/chunks/node_modules_next_dist_1e8vcs8._.js:776
[  158748ms] [LOG] [Fast Refresh] done in 1311ms @ http://localhost:3000/_next/static/chunks/node_modules_next_dist_1e8vcs8._.js:776
[  158804ms] [LOG] [Fast Refresh] done in 1311ms @ http://localhost:3000/_next/static/chunks/node_modules_next_dist_1e8vcs8._.js:776
[  158867ms] [LOG] [Fast Refresh] done in 1311ms @ http://localhost:3000/_next/static/chunks/node_modules_next_dist_1e8vcs8._.js:776
[  158935ms] [LOG] [Fast Refresh] done in 1311ms @ http://localhost:3000/_next/static/chunks/node_modules_next_dist_1e8vcs8._.js:776
[  158989ms] [LOG] [Fast Refresh] done in 1311ms @ http://localhost:3000/_next/static/chunks/node_modules_next_dist_1e8vcs8._.js:776
[  159053ms] [LOG] [Fast Refresh] done in 1311ms @ http://localhost:3000/_next/static/chunks/node_modules_next_dist_1e8vcs8._.js:776
[  159104ms] [LOG] [Fast Refresh] done in 1311ms @ http://localhost:3000/_next/static/chunks/node_modules_next_dist_1e8vcs8._.js:776
[  159154ms] [LOG] [Fast Refresh] done in 1311ms @ http://localhost:3000/_next/static/chunks/node_modules_next_dist_1e8vcs8._.js:776
[  159206ms] [LOG] [Fast Refresh] done in 1311ms @ http://localhost:3000/_next/static/chunks/node_modules_next_dist_1e8vcs8._.js:776
[  159256ms] [LOG] [Fast Refresh] done in 1311ms @ http://localhost:3000/_next/static/chunks/node_modules_next_dist_1e8vcs8._.js:776
[  159303ms] [LOG] [Fast Refresh] done in 1311ms @ http://localhost:3000/_next/static/chunks/node_modules_next_dist_1e8vcs8._.js:776
[  159355ms] [LOG] [Fast Refresh] done in 1311ms @ http://localhost:3000/_next/static/chunks/node_modules_next_dist_1e8vcs8._.js:776
[  159405ms] [LOG] [Fast Refresh] done in 1311ms @ http://localhost:3000/_next/static/chunks/node_modules_next_dist_1e8vcs8._.js:776
[  159457ms] [LOG] [Fast Refresh] done in 1311ms @ http://localhost:3000/_next/static/chunks/node_modules_next_dist_1e8vcs8._.js:776
[  159524ms] [LOG] [Fast Refresh] done in 1311ms @ http://localhost:3000/_next/static/chunks/node_modules_next_dist_1e8vcs8._.js:776
[  159581ms] [LOG] [Fast Refresh] done in 1311ms @ http://localhost:3000/_next/static/chunks/node_modules_next_dist_1e8vcs8._.js:776
[  159639ms] [LOG] [Fast Refresh] done in 1311ms @ http://localhost:3000/_next/static/chunks/node_modules_next_dist_1e8vcs8._.js:776
[  159692ms] [LOG] [Fast Refresh] done in 1311ms @ http://localhost:3000/_next/static/chunks/node_modules_next_dist_1e8vcs8._.js:776
[  159747ms] [LOG] [Fast Refresh] done in 1311ms @ http://localhost:3000/_next/static/chunks/node_modules_next_dist_1e8vcs8._.js:776
[  159803ms] [LOG] [Fast Refresh] done in 1311ms @ http://localhost:3000/_next/static/chunks/node_modules_next_dist_1e8vcs8._.js:776
[  159855ms] [LOG] [Fast Refresh] done in 1311ms @ http://localhost:3000/_next/static/chunks/node_modules_next_dist_1e8vcs8._.js:776
[  159919ms] [LOG] [Fast Refresh] done in 1311ms @ http://localhost:3000/_next/static/chunks/node_modules_next_dist_1e8vcs8._.js:776
[  159972ms] [LOG] [Fast Refresh] done in 1311ms @ http://localhost:3000/_next/static/chunks/node_modules_next_dist_1e8vcs8._.js:776
[  160022ms] [LOG] [Fast Refresh] done in 1311ms @ http://localhost:3000/_next/static/chunks/node_modules_next_dist_1e8vcs8._.js:776
[  160078ms] [LOG] [Fast Refresh] done in 1311ms @ http://localhost:3000/_next/static/chunks/node_modules_next_dist_1e8vcs8._.js:776
[  160137ms] [LOG] [Fast Refresh] done in 1311ms @ http://localhost:3000/_next/static/chunks/node_modules_next_dist_1e8vcs8._.js:776
[  160188ms] [LOG] [Fast Refresh] done in 1311ms @ http://localhost:3000/_next/static/chunks/node_modules_next_dist_1e8vcs8._.js:776
[  160245ms] [LOG] [Fast Refresh] done in 1311ms @ http://localhost:3000/_next/static/chunks/node_modules_next_dist_1e8vcs8._.js:776
[  160306ms] [LOG] [Fast Refresh] done in 1311ms @ http://localhost:3000/_next/static/chunks/node_modules_next_dist_1e8vcs8._.js:776
[  160362ms] [LOG] [Fast Refresh] done in 1311ms @ http://localhost:3000/_next/static/chunks/node_modules_next_dist_1e8vcs8._.js:776
[  160421ms] [LOG] [Fast Refresh] done in 1311ms @ http://localhost:3000/_next/static/chunks/node_modules_next_dist_1e8vcs8._.js:776
[  160472ms] [LOG] [Fast Refresh] done in 1311ms @ http://localhost:3000/_next/static/chunks/node_modules_next_dist_1e8vcs8._.js:776
[  160520ms] [LOG] [Fast Refresh] done in 1311ms @ http://localhost:3000/_next/static/chunks/node_modules_next_dist_1e8vcs8._.js:776
[  160571ms] [LOG] [Fast Refresh] done in 1311ms @ http://localhost:3000/_next/static/chunks/node_modules_next_dist_1e8vcs8._.js:776
[  160617ms] [LOG] [Fast Refresh] done in 1311ms @ http://localhost:3000/_next/static/chunks/node_modules_next_dist_1e8vcs8._.js:776
[  160673ms] [LOG] [Fast Refresh] done in 1311ms @ http://localhost:3000/_next/static/chunks/node_modules_next_dist_1e8vcs8._.js:776
[  160723ms] [LOG] [Fast Refresh] done in 1311ms @ http://localhost:3000/_next/static/chunks/node_modules_next_dist_1e8vcs8._.js:776
[  160787ms] [LOG] [Fast Refresh] done in 1311ms @ http://localhost:3000/_next/static/chunks/node_modules_next_dist_1e8vcs8._.js:776
[  160851ms] [LOG] [Fast Refresh] done in 1311ms @ http://localhost:3000/_next/static/chunks/node_modules_next_dist_1e8vcs8._.js:776
[  160908ms] [LOG] [Fast Refresh] done in 1311ms @ http://localhost:3000/_next/static/chunks/node_modules_next_dist_1e8vcs8._.js:776
[  160970ms] [LOG] [Fast Refresh] done in 1311ms @ http://localhost:3000/_next/static/chunks/node_modules_next_dist_1e8vcs8._.js:776
[  161035ms] [LOG] [Fast Refresh] done in 1311ms @ http://localhost:3000/_next/static/chunks/node_modules_next_dist_1e8vcs8._.js:776
[  161100ms] [LOG] [Fast Refresh] done in 1311ms @ http://localhost:3000/_next/static/chunks/node_modules_next_dist_1e8vcs8._.js:776
[  161156ms] [LOG] [Fast Refresh] done in 1311ms @ http://localhost:3000/_next/static/chunks/node_modules_next_dist_1e8vcs8._.js:776
[  161219ms] [LOG] [Fast Refresh] done in 1311ms @ http://localhost:3000/_next/static/chunks/node_modules_next_dist_1e8vcs8._.js:776
[  161284ms] [LOG] [Fast Refresh] done in 1311ms @ http://localhost:3000/_next/static/chunks/node_modules_next_dist_1e8vcs8._.js:776
[  161339ms] [LOG] [Fast Refresh] done in 1311ms @ http://localhost:3000/_next/static/chunks/node_modules_next_dist_1e8vcs8._.js:776
[  161405ms] [LOG] [Fast Refresh] done in 1311ms @ http://localhost:3000/_next/static/chunks/node_modules_next_dist_1e8vcs8._.js:776
[  161468ms] [LOG] [Fast Refresh] done in 1311ms @ http://localhost:3000/_next/static/chunks/node_modules_next_dist_1e8vcs8._.js:776
[  161533ms] [LOG] [Fast Refresh] done in 1311ms @ http://localhost:3000/_next/static/chunks/node_modules_next_dist_1e8vcs8._.js:776
[  161589ms] [LOG] [Fast Refresh] done in 1311ms @ http://localhost:3000/_next/static/chunks/node_modules_next_dist_1e8vcs8._.js:776
[  161801ms] [LOG] [Fast Refresh] rebuilding @ http://localhost:3000/_next/static/chunks/node_modules_next_dist_1e8vcs8._.js:776
[  161984ms] [LOG] [Fast Refresh] done in 276ms @ http://localhost:3000/_next/static/chunks/node_modules_next_dist_1e8vcs8._.js:776
[  162050ms] [LOG] [Fast Refresh] done in 276ms @ http://localhost:3000/_next/static/chunks/node_modules_next_dist_1e8vcs8._.js:776
[  162178ms] [LOG] [Fast Refresh] done in 276ms @ http://localhost:3000/_next/static/chunks/node_modules_next_dist_1e8vcs8._.js:776
